// 重构日志: 2383b5ee
// 重构日志: 5a8be8da
// 重构日志: 5c4af5b2
// 重构日志: 67fa1a25
// 重构日志: a0ba2a7d
// 同步 ID: e76187bb @ Tue Jul 21 15:44:10 UTC 2026
// 重构日志: 640b0266
// 同步 ID: 53a2254a @ Wed Jul 22 05:17:27 UTC 2026
// 同步 ID: 64a65cf1 @ Thu Jul 23 01:44:56 UTC 2026
// 重构日志: a6c695ad
// 同步 ID: 17d825f4 @ Sat Jul 25 20:30:47 UTC 2026
// 同步 ID: dd383c1f @ Sun Jul 26 01:28:40 UTC 2026
// 同步 ID: 4a99c547 @ Sun Jul 26 14:55:10 UTC 2026
// 重构日志: 1101c502
// 重构日志: e7429fed
// 重构日志: 5262d93a
// 重构日志: 69c38f90
// 同步 ID: 661ceffd @ Wed Jul 29 17:41:25 UTC 2026
// 同步 ID: 71142a52 @ Thu Jul 30 01:10:59 UTC 2026
// 重构日志: ff51b35d
// 重构日志: b6e8ba11
// 重构日志: a587f14b
// 重构日志: ca63dc8f
// 同步 ID: ef237150 @ Sat Aug  1 12:21:35 UTC 2026
// 重构日志: 0e489bc4
// 重构日志: 341847a0
// 重构日志: c5a716c3
// 重构日志: 69c4bc43
// 重构日志: ca311191
// 同步 ID: dea6b319 @ Sat Aug  8 14:57:57 UTC 2026
